// Jest Snapshot v1, https://goo.gl/fbAQLP

exports[`StackPoliciesStack generate the correct cloudformation 1`] = `
{
  "Mappings": {
    "LatestNodeRuntimeMap": {
      "af-south-1": {
        "value": "nodejs20.x",
      },
      "ap-east-1": {
        "value": "nodejs20.x",
      },
      "ap-east-2": {
        "value": "nodejs20.x",
      },
      "ap-northeast-1": {
        "value": "nodejs20.x",
      },
      "ap-northeast-2": {
        "value": "nodejs20.x",
      },
      "ap-northeast-3": {
        "value": "nodejs20.x",
      },
      "ap-south-1": {
        "value": "nodejs20.x",
      },
      "ap-south-2": {
        "value": "nodejs20.x",
      },
      "ap-southeast-1": {
        "value": "nodejs20.x",
      },
      "ap-southeast-2": {
        "value": "nodejs20.x",
      },
      "ap-southeast-3": {
        "value": "nodejs20.x",
      },
      "ap-southeast-4": {
        "value": "nodejs20.x",
      },
      "ap-southeast-5": {
        "value": "nodejs20.x",
      },
      "ap-southeast-7": {
        "value": "nodejs20.x",
      },
      "ca-central-1": {
        "value": "nodejs20.x",
      },
      "ca-west-1": {
        "value": "nodejs20.x",
      },
      "cn-north-1": {
        "value": "nodejs20.x",
      },
      "cn-northwest-1": {
        "value": "nodejs20.x",
      },
      "eu-central-1": {
        "value": "nodejs20.x",
      },
      "eu-central-2": {
        "value": "nodejs20.x",
      },
      "eu-isoe-west-1": {
        "value": "nodejs18.x",
      },
      "eu-north-1": {
        "value": "nodejs20.x",
      },
      "eu-south-1": {
        "value": "nodejs20.x",
      },
      "eu-south-2": {
        "value": "nodejs20.x",
      },
      "eu-west-1": {
        "value": "nodejs20.x",
      },
      "eu-west-2": {
        "value": "nodejs20.x",
      },
      "eu-west-3": {
        "value": "nodejs20.x",
      },
      "il-central-1": {
        "value": "nodejs20.x",
      },
      "me-central-1": {
        "value": "nodejs20.x",
      },
      "me-south-1": {
        "value": "nodejs20.x",
      },
      "mx-central-1": {
        "value": "nodejs20.x",
      },
      "sa-east-1": {
        "value": "nodejs20.x",
      },
      "us-east-1": {
        "value": "nodejs20.x",
      },
      "us-east-2": {
        "value": "nodejs20.x",
      },
      "us-gov-east-1": {
        "value": "nodejs20.x",
      },
      "us-gov-west-1": {
        "value": "nodejs20.x",
      },
      "us-iso-east-1": {
        "value": "nodejs18.x",
      },
      "us-iso-west-1": {
        "value": "nodejs18.x",
      },
      "us-isob-east-1": {
        "value": "nodejs18.x",
      },
      "us-isob-west-1": {
        "value": "nodejs18.x",
      },
      "us-west-1": {
        "value": "nodejs20.x",
      },
      "us-west-2": {
        "value": "nodejs20.x",
      },
    },
  },
  "Parameters": {
    "BootstrapVersion": {
      "Default": "/cdk-bootstrap/hnb659fds/version",
      "Description": "Version of the CDK Bootstrap resources in this environment, automatically retrieved from SSM Parameter Store. [cdk:skip]",
      "Type": "AWS::SSM::Parameter::Value<String>",
    },
  },
  "Resources": {
    "AWS679f53fac002430cb0da5b7982bd22872D164C4C": {
      "DependsOn": [
        "AWS679f53fac002430cb0da5b7982bd2287ServiceRoleC1EA0FF2",
      ],
      "Properties": {
        "Code": {
          "S3Bucket": {
            "Fn::Sub": "cdk-hnb659fds-assets-\${AWS::AccountId}-\${AWS::Region}",
          },
          "S3Key": "9d043014be736e8162bcc7ec5590cc6d2ff24fd0d9c73a5c5d595151c5fdad00.zip",
        },
        "Handler": "index.handler",
        "Role": {
          "Fn::GetAtt": [
            "AWS679f53fac002430cb0da5b7982bd2287ServiceRoleC1EA0FF2",
            "Arn",
          ],
        },
        "Runtime": {
          "Fn::FindInMap": [
            "LatestNodeRuntimeMap",
            {
              "Ref": "AWS::Region",
            },
            "value",
          ],
        },
        "Timeout": 120,
      },
      "Type": "AWS::Lambda::Function",
    },
    "AWS679f53fac002430cb0da5b7982bd2287LogRetentionCE72797A": {
      "Properties": {
        "LogGroupName": {
          "Fn::Join": [
            "",
            [
              "/aws/lambda/",
              {
                "Ref": "AWS679f53fac002430cb0da5b7982bd22872D164C4C",
              },
            ],
          ],
        },
        "RetentionInDays": 7,
        "ServiceToken": {
          "Fn::GetAtt": [
            "LogRetentionaae0aa3c5b4d4f87b02d85b201efdd8aFD4BFC8A",
            "Arn",
          ],
        },
      },
      "Type": "Custom::LogRetention",
    },
    "AWS679f53fac002430cb0da5b7982bd2287ServiceRoleC1EA0FF2": {
      "Properties": {
        "AssumeRolePolicyDocument": {
          "Statement": [
            {
              "Action": "sts:AssumeRole",
              "Effect": "Allow",
              "Principal": {
                "Service": "lambda.amazonaws.com",
              },
            },
          ],
          "Version": "2012-10-17",
        },
        "ManagedPolicyArns": [
          {
            "Fn::Join": [
              "",
              [
                "arn:",
                {
                  "Ref": "AWS::Partition",
                },
                ":iam::aws:policy/service-role/AWSLambdaBasicExecutionRole",
              ],
            ],
          },
        ],
      },
      "Type": "AWS::IAM::Role",
    },
    "LogRetentionaae0aa3c5b4d4f87b02d85b201efdd8aFD4BFC8A": {
      "DependsOn": [
        "LogRetentionaae0aa3c5b4d4f87b02d85b201efdd8aServiceRoleDefaultPolicyADDA7DEB",
        "LogRetentionaae0aa3c5b4d4f87b02d85b201efdd8aServiceRole9741ECFB",
      ],
      "Properties": {
        "Code": {
          "S3Bucket": {
            "Fn::Sub": "cdk-hnb659fds-assets-\${AWS::AccountId}-\${AWS::Region}",
          },
          "S3Key": "2819175352ad1ce0dae768e83fc328fb70fb5f10b4a8ff0ccbcb791f02b0716d.zip",
        },
        "Handler": "index.handler",
        "Role": {
          "Fn::GetAtt": [
            "LogRetentionaae0aa3c5b4d4f87b02d85b201efdd8aServiceRole9741ECFB",
            "Arn",
          ],
        },
        "Runtime": {
          "Fn::FindInMap": [
            "LatestNodeRuntimeMap",
            {
              "Ref": "AWS::Region",
            },
            "value",
          ],
        },
        "Timeout": 900,
      },
      "Type": "AWS::Lambda::Function",
    },
    "LogRetentionaae0aa3c5b4d4f87b02d85b201efdd8aServiceRole9741ECFB": {
      "Properties": {
        "AssumeRolePolicyDocument": {
          "Statement": [
            {
              "Action": "sts:AssumeRole",
              "Effect": "Allow",
              "Principal": {
                "Service": "lambda.amazonaws.com",
              },
            },
          ],
          "Version": "2012-10-17",
        },
        "ManagedPolicyArns": [
          {
            "Fn::Join": [
              "",
              [
                "arn:",
                {
                  "Ref": "AWS::Partition",
                },
                ":iam::aws:policy/service-role/AWSLambdaBasicExecutionRole",
              ],
            ],
          },
        ],
      },
      "Type": "AWS::IAM::Role",
    },
    "LogRetentionaae0aa3c5b4d4f87b02d85b201efdd8aServiceRoleDefaultPolicyADDA7DEB": {
      "Properties": {
        "PolicyDocument": {
          "Statement": [
            {
              "Action": [
                "logs:PutRetentionPolicy",
                "logs:DeleteRetentionPolicy",
              ],
              "Effect": "Allow",
              "Resource": "*",
            },
          ],
          "Version": "2012-10-17",
        },
        "PolicyName": "LogRetentionaae0aa3c5b4d4f87b02d85b201efdd8aServiceRoleDefaultPolicyADDA7DEB",
        "Roles": [
          {
            "Ref": "LogRetentionaae0aa3c5b4d4f87b02d85b201efdd8aServiceRole9741ECFB",
          },
        ],
      },
      "Type": "AWS::IAM::Policy",
    },
    "policyfirststackcustomresourcefirststack5F315403": {
      "DeletionPolicy": "Delete",
      "DependsOn": [
        "policyfirststackcustomresourcefirststackCustomResourcePolicy208104DE",
      ],
      "Properties": {
        "Create": "{"service":"CloudFormation","action":"setStackPolicy","parameters":{"StackName":"first-stack","StackPolicyBody":"{\\"Statement\\":[{\\"Effect\\":\\"Allow\\",\\"Action\\":\\"Update:*\\",\\"Principal\\":\\"*\\",\\"Resource\\":\\"*\\"},{\\"Effect\\":\\"Deny\\",\\"Action\\":\\"Update:Delete\\",\\"Principal\\":\\"*\\",\\"Resource\\":\\"*\\"}]}"},"physicalResourceId":{"id":"policy-first-stack"}}",
        "Delete": "{"service":"CloudFormation","action":"setStackPolicy","parameters":{"StackName":"first-stack","StackPolicyBody":"{\\n    \\"Statement\\": [\\n        {\\n            \\"Effect\\": \\"Allow\\",\\n            \\"Action\\": \\"Update:*\\",\\n            \\"Principal\\": \\"*\\",\\n            \\"Resource\\": \\"*\\"\\n        }\\n    ]\\n}"},"physicalResourceId":{"id":"policy-first-stack"}}",
        "InstallLatestAwsSdk": true,
        "ServiceToken": {
          "Fn::GetAtt": [
            "AWS679f53fac002430cb0da5b7982bd22872D164C4C",
            "Arn",
          ],
        },
        "Update": "{"service":"CloudFormation","action":"setStackPolicy","parameters":{"StackName":"first-stack","StackPolicyBody":"{\\"Statement\\":[{\\"Effect\\":\\"Allow\\",\\"Action\\":\\"Update:*\\",\\"Principal\\":\\"*\\",\\"Resource\\":\\"*\\"},{\\"Effect\\":\\"Deny\\",\\"Action\\":\\"Update:Delete\\",\\"Principal\\":\\"*\\",\\"Resource\\":\\"*\\"}]}"},"physicalResourceId":{"id":"policy-first-stack"}}",
      },
      "Type": "Custom::AWS",
      "UpdateReplacePolicy": "Delete",
    },
    "policyfirststackcustomresourcefirststackCustomResourcePolicy208104DE": {
      "Properties": {
        "PolicyDocument": {
          "Statement": [
            {
              "Action": "cloudformation:SetStackPolicy",
              "Effect": "Allow",
              "Resource": {
                "Fn::ImportValue": "first-stack:ExportsOutputRefAWSStackIdB2DD5BAA",
              },
            },
          ],
          "Version": "2012-10-17",
        },
        "PolicyName": "policyfirststackcustomresourcefirststackCustomResourcePolicy208104DE",
        "Roles": [
          {
            "Ref": "AWS679f53fac002430cb0da5b7982bd2287ServiceRoleC1EA0FF2",
          },
        ],
      },
      "Type": "AWS::IAM::Policy",
    },
    "policysecondstackcustomresourcesecondstack5558303B": {
      "DeletionPolicy": "Delete",
      "DependsOn": [
        "policysecondstackcustomresourcesecondstackCustomResourcePolicy9A7AC79D",
      ],
      "Properties": {
        "Create": "{"service":"CloudFormation","action":"setStackPolicy","parameters":{"StackName":"second-stack","StackPolicyBody":"{\\"Statement\\":[{\\"Effect\\":\\"Allow\\",\\"Action\\":\\"Update:*\\",\\"Principal\\":\\"*\\",\\"Resource\\":\\"*\\"},{\\"Effect\\":\\"Deny\\",\\"Action\\":\\"Update:Replace\\",\\"Principal\\":\\"*\\",\\"Resource\\":\\"*\\"}]}"},"physicalResourceId":{"id":"policy-second-stack"}}",
        "Delete": "{"service":"CloudFormation","action":"setStackPolicy","parameters":{"StackName":"second-stack","StackPolicyBody":"{\\n    \\"Statement\\": [\\n        {\\n            \\"Effect\\": \\"Allow\\",\\n            \\"Action\\": \\"Update:*\\",\\n            \\"Principal\\": \\"*\\",\\n            \\"Resource\\": \\"*\\"\\n        }\\n    ]\\n}"},"physicalResourceId":{"id":"policy-second-stack"}}",
        "InstallLatestAwsSdk": true,
        "ServiceToken": {
          "Fn::GetAtt": [
            "AWS679f53fac002430cb0da5b7982bd22872D164C4C",
            "Arn",
          ],
        },
        "Update": "{"service":"CloudFormation","action":"setStackPolicy","parameters":{"StackName":"second-stack","StackPolicyBody":"{\\"Statement\\":[{\\"Effect\\":\\"Allow\\",\\"Action\\":\\"Update:*\\",\\"Principal\\":\\"*\\",\\"Resource\\":\\"*\\"},{\\"Effect\\":\\"Deny\\",\\"Action\\":\\"Update:Replace\\",\\"Principal\\":\\"*\\",\\"Resource\\":\\"*\\"}]}"},"physicalResourceId":{"id":"policy-second-stack"}}",
      },
      "Type": "Custom::AWS",
      "UpdateReplacePolicy": "Delete",
    },
    "policysecondstackcustomresourcesecondstackCustomResourcePolicy9A7AC79D": {
      "Properties": {
        "PolicyDocument": {
          "Statement": [
            {
              "Action": "cloudformation:SetStackPolicy",
              "Effect": "Allow",
              "Resource": {
                "Fn::ImportValue": "second-stack:ExportsOutputRefAWSStackIdB2DD5BAA",
              },
            },
          ],
          "Version": "2012-10-17",
        },
        "PolicyName": "policysecondstackcustomresourcesecondstackCustomResourcePolicy9A7AC79D",
        "Roles": [
          {
            "Ref": "AWS679f53fac002430cb0da5b7982bd2287ServiceRoleC1EA0FF2",
          },
        ],
      },
      "Type": "AWS::IAM::Policy",
    },
  },
  "Rules": {
    "CheckBootstrapVersion": {
      "Assertions": [
        {
          "Assert": {
            "Fn::Not": [
              {
                "Fn::Contains": [
                  [
                    "1",
                    "2",
                    "3",
                    "4",
                    "5",
                  ],
                  {
                    "Ref": "BootstrapVersion",
                  },
                ],
              },
            ],
          },
          "AssertDescription": "CDK bootstrap stack version 6 required. Please run 'cdk bootstrap' with a recent version of the CDK CLI.",
        },
      ],
    },
  },
}
`;
